16:27:24.423 [main] DEBUG api.test.UserTests - debugging.....
16:27:24.446 [main] INFO  api.test.UserTests - ********** Creating user  ***************
16:27:28.442 [main] INFO  api.test.UserTests - **********User is creatged  ***************
16:27:28.460 [main] INFO  api.test.UserTests - ********** Reading User Info ***************
16:27:29.708 [main] INFO  api.test.UserTests - **********User info  is displayed ***************
16:27:29.719 [main] INFO  api.test.UserTests - ********** Updating User ***************
16:27:30.984 [main] INFO  api.test.UserTests - ********** User updated ***************
16:27:32.243 [main] INFO  api.test.UserTests - **********   Deleting User  ***************
16:27:33.389 [main] INFO  api.test.UserTests - ********** User deleted ***************
15:12:06.802 [main] DEBUG api.test.UserTests - debugging.....
15:12:06.839 [main] INFO  api.test.UserTests - ********** Creating user  ***************
15:12:12.168 [main] INFO  api.test.UserTests - **********User is creatged  ***************
15:12:12.202 [main] INFO  api.test.UserTests - ********** Reading User Info ***************
15:12:13.283 [main] INFO  api.test.UserTests - **********User info  is displayed ***************
15:12:13.301 [main] INFO  api.test.UserTests - ********** Updating User ***************
15:12:14.386 [main] INFO  api.test.UserTests - ********** User updated ***************
15:12:15.472 [main] INFO  api.test.UserTests - **********   Deleting User  ***************
15:12:17.007 [main] INFO  api.test.UserTests - ********** User deleted ***************
15:15:24.138 [main] DEBUG api.test.UserTests - debugging.....
15:15:24.162 [main] INFO  api.test.UserTests - ********** Creating user  ***************
15:15:28.131 [main] INFO  api.test.UserTests - **********User is creatged  ***************
15:15:28.152 [main] INFO  api.test.UserTests - ********** Reading User Info ***************
15:15:29.375 [main] INFO  api.test.UserTests - **********User info  is displayed ***************
15:15:29.382 [main] INFO  api.test.UserTests - ********** Updating User ***************
15:15:30.462 [main] INFO  api.test.UserTests - ********** User updated ***************
15:15:32.524 [main] INFO  api.test.UserTests - **********   Deleting User  ***************
15:15:33.591 [main] INFO  api.test.UserTests - ********** User deleted ***************
